TZIFpwYZ8_V4LCQARxIIAtw3btXU35JdMAvrlh_uJSA=gA9H2yqKYCPiH-HdCkVu5gKWF-_3SO8FTQvUwaxW0mY=TGBhb0Iw0szERRMvAAzu5iIZ5FqRfzURgmvf3O-H1Tg=zcLTfFbADfeaP9LIHeCiPuQaUby0YruEzltoiozk9SQ=hsijv4vJai6xMwBrgjLPMH3IP9G449YXNSMRvw9x3q4=Sk7N9QAKbGSOUhtZ3o5Iik2eyO3lYVJB-41r2tkNBdI=cxHItr2IW_NN7xs-xp9tqBvbYyburLzUHjg6SiZIvjU=x_NT4AXXriUvHjjV4o1ErSagGi-16jLxLEVO_-4IoYs=Rr-Mp3j_kRkRUILt9rQ-zRjSAxWLV2ExqsT6-zSV6-w=juz0CUCR_f6yW92Cu6LpbD-jYHBgMS2EBHGC62XkfXM=YT9oq-ubXROdPTlcKK49N3hWLgZyfTgPd7adJNpME18=MCU-3fZe3r6L6joxveGV-iXD8_qWT7f123oA7I7fbxY=xmwgqBMapvL3OXVym4twdzGdAj5i11ZZJF0j29bgbog=9LKvghwgCzcrhCEU536SVjZQ52SoN8mL1eMiViN6RkM=8HzwCdbyUQyJL5D-2qV3l5ZGhZLNULcDPc5DwrdeutM=CZHkdigoniu9wDGLnBpN8yrZfH7F2C5VaNtpedheuAo=a9QKM9JiLQ9PacJeUwrIwYvxyhNOYFvlBu5XZvW7hA4=BTbM9uoDLyZnrt57xfGusm5Vdi-6pXOZ2JLD170lTRU=PmoqNN2plbciuN-8c5sP7mcHt6AsPhQcHnHItSxMVj0=spbb5qE2iXQiulWGV4m0FzG3D5CfZc6rtFKRJN_wsjQ=