r21zg8E011awAbEghzNBOI4RtKUZ-wHLkUwio-5dKpE=V1eZWhoceIl7vmfn5h3U4HvpGSs9Nd66ISgKNMLmi_0=FMsDXwQ2OS0NYmDwQsXR4rPyKA9oxJR2XK2OppSCD8E=tqjIgeqKe6q-BM4PeNmjHFgKHIWAziJxcgnrOuYInoc=9oYwQo4x9xiCzlUzrmG0LOQW_rS3zRB4MtiOgpZmoMQ=wXSuR_3WBkrdEV4proOm1YS4pBiX4uZI_KrNQfr24ls=87afzutvMr9I2oZowgQbWBG8VJsN5rWtDB8SU19YaTA=0fnoDkGf2KaY1SBwhrBD_2eXEUlrytKOXTWY0wNZ534=hfRjRAhE8Fn8WJNz0R8Ku-W72RdzgQVXJDvzz5hIi_Q=sM9OUZFlk4GHkBaW3dYG4LsU4TQslPzG6FkO0gr6Kro=Vq57B7IQGTdIjYtDCevQDgWbmA7kWP3Fw5hn9jXofJc=Pm9ZoPZH23EQRAFIfuY-VzCB6XFuwzhiZys5L5TUdE8=qYRIkbGgngAJqMQY6qbYvVyUr8XYEWiI2jJAb0QErXE=SK5j28lJvFqTF_MnV0rVGKozk2-V2YhTknI5tBjUt7g=MLkKJefSXzgnniZty7RntUge4bhOz3_QH97UpHjoggg=0C-xeN6r-Se_e4tLU116-_by5HVOGqCO3vIWZEnqj9U=U4O3XAso8VsDRKT0MXMq0J3SpJKtOJmWztim6lenaDg=0sncAYjQsef3SrDN2PCcYUlibbRU0HuMhd5olyItKIY=aywZ5Tyx-mFEciNYxyxTqSjDROjTOnowrZf--MBYcxc=WHoJwsAtfE4sMlS2MEiNXpLcCJQa_P7wsavclolvBjA=